// Jest Snapshot v1, https://goo.gl/fbAQLP

exports[`Calculator should render correctly 1`] = `
<div
  className="calculator-container"
>
  <Display
    displayValue="0"
  />
  <Keypad
    callOperator={[Function]}
    handleKeyPress={[Function]}
    numbers={
      Array [
        "7",
        "8",
        "9",
        "4",
        "5",
        "6",
        "1",
        "2",
        "3",
        ",",
        "0",
        "AC",
      ]
    }
    operators={
      Array [
        "/",
        "x",
        "-",
        "+",
      ]
    }
    setOperator={[Function]}
    updateDisplay={[Function]}
  />
</div>
`;
